To honour the JVM settings for this build a single-use Daemon process will be forked. For more on this, please refer to https://docs.gradle.org/8.14.4/userguide/gradle_daemon.html#sec:disabling_the_daemon in the Gradle documentation.
Daemon will be stopped at the end of the build 
> Task :modules:rhino:preBuild UP-TO-DATE
> Task :modules:book:preBuild UP-TO-DATE
> Task :modules:book:preDebugBuild UP-TO-DATE
> Task :modules:rhino:preDebugBuild UP-TO-DATE
> Task :app:preBuild UP-TO-DATE
> Task :app:preAppCBuild UP-TO-DATE
> Task :app:mergeAppCNativeDebugMetadata NO-SOURCE
> Task :app:checkKotlinGradlePluginConfigurationErrors SKIPPED
> Task :modules:book:generateDebugResources UP-TO-DATE
> Task :modules:rhino:generateDebugResources UP-TO-DATE
> Task :modules:rhino:packageDebugResources UP-TO-DATE
> Task :modules:book:packageDebugResources UP-TO-DATE
> Task :modules:book:processDebugNavigationResources UP-TO-DATE
> Task :modules:rhino:processDebugNavigationResources UP-TO-DATE
> Task :modules:rhino:parseDebugLocalResources UP-TO-DATE
> Task :modules:book:parseDebugLocalResources UP-TO-DATE
> Task :modules:rhino:generateDebugRFile UP-TO-DATE
> Task :modules:book:generateDebugRFile UP-TO-DATE
> Task :app:dataBindingMergeDependencyArtifactsAppC UP-TO-DATE
> Task :modules:rhino:writeDebugAarMetadata UP-TO-DATE
> Task :modules:book:writeDebugAarMetadata UP-TO-DATE
> Task :modules:rhino:extractDeepLinksDebug UP-TO-DATE
> Task :modules:book:extractDeepLinksDebug UP-TO-DATE
> Task :modules:rhino:processDebugManifest UP-TO-DATE
> Task :modules:book:processDebugManifest UP-TO-DATE
> Task :modules:rhino:compileDebugLibraryResources UP-TO-DATE
> Task :modules:rhino:checkKotlinGradlePluginConfigurationErrors SKIPPED
> Task :modules:book:compileDebugLibraryResources UP-TO-DATE
> Task :modules:book:checkKotlinGradlePluginConfigurationErrors SKIPPED
> Task :modules:book:compileDebugKotlin NO-SOURCE
> Task :modules:book:javaPreCompileDebug UP-TO-DATE
> Task :app:generateAppCResources UP-TO-DATE
> Task :modules:book:compileDebugJavaWithJavac UP-TO-DATE
> Task :modules:book:bundleLibCompileToJarDebug UP-TO-DATE
> Task :modules:book:generateDebugAssets UP-TO-DATE
> Task :modules:book:mergeDebugAssets UP-TO-DATE
> Task :modules:book:bundleLibRuntimeToJarDebug UP-TO-DATE
> Task :modules:book:processDebugJavaRes UP-TO-DATE
> Task :modules:book:mergeDebugJniLibFolders UP-TO-DATE
> Task :modules:rhino:compileDebugKotlin UP-TO-DATE
> Task :modules:book:mergeDebugNativeLibs NO-SOURCE
> Task :modules:rhino:javaPreCompileDebug UP-TO-DATE
> Task :modules:rhino:compileDebugJavaWithJavac NO-SOURCE
> Task :modules:rhino:bundleLibCompileToJarDebug UP-TO-DATE
> Task :modules:rhino:generateDebugAssets UP-TO-DATE
> Task :modules:rhino:mergeDebugAssets UP-TO-DATE
> Task :modules:rhino:bundleLibRuntimeToJarDebug UP-TO-DATE
> Task :modules:rhino:processDebugJavaRes UP-TO-DATE
> Task :modules:book:copyDebugJniLibsProjectOnly UP-TO-DATE
> Task :modules:rhino:mergeDebugJniLibFolders UP-TO-DATE
> Task :modules:rhino:mergeDebugNativeLibs NO-SOURCE
> Task :modules:rhino:copyDebugJniLibsProjectOnly UP-TO-DATE
> Task :app:mergeAppCResources FROM-CACHE
> Task :app:packageAppCResources UP-TO-DATE
> Task :app:processAppCNavigationResources FROM-CACHE
> Task :app:parseAppCLocalResources UP-TO-DATE
> Task :app:dataBindingGenBaseClassesAppC FROM-CACHE
> Task :app:generateAppCBuildConfig
> Task :app:checkAppCAarMetadata UP-TO-DATE
> Task :app:compileAppCNavigationResources UP-TO-DATE
> Task :app:mapAppCSourceSetPaths UP-TO-DATE
> Task :app:createAppCCompatibleScreenManifests
> Task :app:extractDeepLinksAppC UP-TO-DATE
> Task :app:processAppCMainManifest
> Task :app:processAppCManifest
> Task :app:javaPreCompileAppC UP-TO-DATE
> Task :app:generateAppCAssets UP-TO-DATE
> Task :app:mergeAppCAssets UP-TO-DATE
> Task :app:compressAppCAssets UP-TO-DATE
> Task :app:l8DexDesugarLibAppC UP-TO-DATE
> Task :app:desugarAppCFileDependencies UP-TO-DATE
> Task :app:checkAppCDuplicateClasses UP-TO-DATE
> Task :app:mergeExtDexAppC UP-TO-DATE
> Task :app:mergeLibDexAppC UP-TO-DATE
> Task :app:mergeAppCJniLibFolders UP-TO-DATE
> Task :app:mergeAppCNativeLibs UP-TO-DATE
> Task :app:stripAppCDebugSymbols UP-TO-DATE
> Task :app:validateSigningAppC UP-TO-DATE
> Task :app:writeAppCAppMetadata UP-TO-DATE
> Task :app:writeAppCSigningConfigVersions UP-TO-DATE
> Task :app:processAppCManifestForPackage
> Task :app:processAppCResources
> Task :app:kspAppCKotlin
e: [ksp] java.lang.IllegalArgumentException: this and base files have different roots: C:\Users\user\.gradle\caches\8.14.4\transforms\09ffcb990e4fe5c9217718fc81f4f741\transformed\glide-svg-4.0.2-api.jar!\com\bumptech\glide\annotation\compiler\GlideIndexer_GlideModule_ch_qoqa_glide_svg_SvgLibraryGlideModule.class and D:\AI\audio\legadoC-own\app.

> Task :app:kspAppCKotlin FAILED
> Task :app:copyRoomSchemas NO-SOURCE

FAILURE: Build failed with an exception.

* What went wrong:
Execution failed for task ':app:kspAppCKotlin'.
> A failure occurred while executing com.google.devtools.ksp.gradle.KspAAWorkerAction
   > this and base files have different roots: C:\Users\user\.gradle\caches\8.14.4\transforms\09ffcb990e4fe5c9217718fc81f4f741\transformed\glide-svg-4.0.2-api.jar!\com\bumptech\glide\annotation\compiler\GlideIndexer_GlideModule_ch_qoqa_glide_svg_SvgLibraryGlideModule.class and D:\AI\audio\legadoC-own\app.

* Try:
> Run with --stacktrace option to get the stack trace.
> Run with --info or --debug option to get more log output.
> Run with --scan to get full insights.
> Get more help at https://help.gradle.org.

BUILD FAILED in 1m 11s
66 actionable tasks: 7 executed, 3 from cache, 56 up-to-date
