> Task :modules:rhino:preBuild UP-TO-DATE
> Task :modules:rhino:preDebugBuild UP-TO-DATE
> Task :modules:book:preBuild UP-TO-DATE
> Task :modules:book:preDebugBuild UP-TO-DATE
> Task :modules:rhino:generateDebugResources UP-TO-DATE
> Task :modules:book:generateDebugResources UP-TO-DATE
> Task :modules:rhino:packageDebugResources UP-TO-DATE
> Task :modules:book:packageDebugResources UP-TO-DATE
> Task :modules:book:processDebugNavigationResources UP-TO-DATE
> Task :modules:rhino:processDebugNavigationResources UP-TO-DATE
> Task :modules:rhino:parseDebugLocalResources UP-TO-DATE
> Task :modules:book:parseDebugLocalResources UP-TO-DATE
> Task :modules:rhino:generateDebugRFile UP-TO-DATE
> Task :modules:book:generateDebugRFile UP-TO-DATE
> Task :modules:rhino:writeDebugAarMetadata UP-TO-DATE
> Task :modules:book:writeDebugAarMetadata UP-TO-DATE
> Task :modules:book:extractDeepLinksDebug UP-TO-DATE
> Task :modules:rhino:extractDeepLinksDebug UP-TO-DATE
> Task :modules:book:processDebugManifest UP-TO-DATE
> Task :modules:rhino:processDebugManifest UP-TO-DATE
> Task :modules:book:compileDebugLibraryResources UP-TO-DATE
> Task :modules:book:checkKotlinGradlePluginConfigurationErrors SKIPPED
> Task :modules:rhino:compileDebugLibraryResources UP-TO-DATE
> Task :modules:rhino:checkKotlinGradlePluginConfigurationErrors SKIPPED
> Task :modules:book:compileDebugKotlin NO-SOURCE
> Task :modules:book:javaPreCompileDebug UP-TO-DATE
> Task :modules:book:compileDebugJavaWithJavac UP-TO-DATE
> Task :modules:book:bundleLibCompileToJarDebug UP-TO-DATE
> Task :modules:book:generateDebugAssets UP-TO-DATE
> Task :modules:book:mergeDebugAssets UP-TO-DATE
> Task :modules:book:bundleLibRuntimeToJarDebug UP-TO-DATE
> Task :modules:book:processDebugJavaRes UP-TO-DATE
> Task :modules:book:mergeDebugJniLibFolders UP-TO-DATE
> Task :modules:book:mergeDebugNativeLibs NO-SOURCE
> Task :modules:book:copyDebugJniLibsProjectOnly UP-TO-DATE
> Task :modules:rhino:compileDebugKotlin UP-TO-DATE
> Task :modules:rhino:javaPreCompileDebug UP-TO-DATE
> Task :modules:rhino:compileDebugJavaWithJavac NO-SOURCE
> Task :modules:rhino:bundleLibCompileToJarDebug UP-TO-DATE
> Task :modules:rhino:generateDebugAssets UP-TO-DATE
> Task :modules:rhino:mergeDebugAssets UP-TO-DATE
> Task :modules:rhino:bundleLibRuntimeToJarDebug UP-TO-DATE
> Task :modules:rhino:processDebugJavaRes UP-TO-DATE
> Task :modules:rhino:mergeDebugJniLibFolders UP-TO-DATE
> Task :modules:rhino:mergeDebugNativeLibs NO-SOURCE
> Task :modules:rhino:copyDebugJniLibsProjectOnly UP-TO-DATE
> Task :app:preBuild UP-TO-DATE
> Task :app:preAppCBuild UP-TO-DATE
> Task :app:mergeAppCNativeDebugMetadata NO-SOURCE
> Task :app:checkKotlinGradlePluginConfigurationErrors SKIPPED
> Task :app:dataBindingMergeDependencyArtifactsAppC UP-TO-DATE
> Task :app:generateAppCResources UP-TO-DATE
> Task :app:mergeAppCResources UP-TO-DATE
> Task :app:packageAppCResources UP-TO-DATE
> Task :app:processAppCNavigationResources UP-TO-DATE
> Task :app:parseAppCLocalResources UP-TO-DATE
> Task :app:dataBindingGenBaseClassesAppC UP-TO-DATE
> Task :app:generateAppCBuildConfig
> Task :app:checkAppCAarMetadata UP-TO-DATE
> Task :app:compileAppCNavigationResources UP-TO-DATE
> Task :app:mapAppCSourceSetPaths UP-TO-DATE
> Task :app:createAppCCompatibleScreenManifests
> Task :app:extractDeepLinksAppC UP-TO-DATE
> Task :app:processAppCMainManifest
> Task :app:processAppCManifest
> Task :app:javaPreCompileAppC UP-TO-DATE
> Task :app:generateAppCAssets UP-TO-DATE
> Task :app:mergeAppCAssets UP-TO-DATE
> Task :app:compressAppCAssets UP-TO-DATE
> Task :app:l8DexDesugarLibAppC UP-TO-DATE
> Task :app:desugarAppCFileDependencies UP-TO-DATE
> Task :app:checkAppCDuplicateClasses UP-TO-DATE
> Task :app:mergeExtDexAppC UP-TO-DATE
> Task :app:mergeLibDexAppC UP-TO-DATE
> Task :app:mergeAppCJniLibFolders UP-TO-DATE
> Task :app:mergeAppCNativeLibs UP-TO-DATE
> Task :app:stripAppCDebugSymbols UP-TO-DATE
> Task :app:validateSigningAppC UP-TO-DATE
> Task :app:writeAppCAppMetadata UP-TO-DATE
> Task :app:writeAppCSigningConfigVersions UP-TO-DATE
> Task :app:processAppCManifestForPackage
> Task :app:processAppCResources
> Task :app:kspAppCKotlin
> Task :app:compileAppCKotlin
e: file:///D:/AI/audio/legadoC-own/app/src/main/java/io/legado/app/service/ReadAloudEngineManager.kt:95:18 Unresolved reference 'isAudio'.
e: file:///D:/AI/audio/legadoC-own/app/src/main/java/io/legado/app/service/UnifiedReadAloudService.kt:14:30 Unresolved reference 'help'.
e: file:///D:/AI/audio/legadoC-own/app/src/main/java/io/legado/app/service/UnifiedReadAloudService.kt:28:1 Class 'UnifiedReadAloudService' is not abstract and does not implement abstract base class members:
fun upSpeechRate(reset: Boolean = ...): Unit
fun playStop(): Unit
fun aloudServicePendingIntent(actionStr: String): PendingIntent?
e: file:///D:/AI/audio/legadoC-own/app/src/main/java/io/legado/app/service/UnifiedReadAloudService.kt:44:5 'newReadAloud' overrides nothing.
e: file:///D:/AI/audio/legadoC-own/app/src/main/java/io/legado/app/service/UnifiedReadAloudService.kt:55:67 Unresolved reference 'getBookChapter'.
e: file:///D:/AI/audio/legadoC-own/app/src/main/java/io/legado/app/service/UnifiedReadAloudService.kt:82:61 Unresolved reference 'readBook'.
e: file:///D:/AI/audio/legadoC-own/app/src/main/java/io/legado/app/service/UnifiedReadAloudService.kt:86:18 Unresolved reference 'isAudio'.
e: file:///D:/AI/audio/legadoC-own/app/src/main/java/io/legado/app/service/UnifiedReadAloudService.kt:87:39 Unresolved reference 'getBookChapter'.
e: file:///D:/AI/audio/legadoC-own/app/src/main/java/io/legado/app/service/UnifiedReadAloudService.kt:95:17 Unresolved reference 'getContents'.
e: file:///D:/AI/audio/legadoC-own/app/src/main/java/io/legado/app/service/UnifiedReadAloudService.kt:95:41 Cannot infer type for value parameter 'line'. Specify it explicitly.
e: file:///D:/AI/audio/legadoC-own/app/src/main/java/io/legado/app/service/UnifiedReadAloudService.kt:136:5 'upMediaSessionMetadata' overrides nothing.
e: file:///D:/AI/audio/legadoC-own/app/src/main/java/io/legado/app/service/UnifiedReadAloudService.kt:137:15 Unresolved reference 'upMediaSessionMetadata'.
e: file:///D:/AI/audio/legadoC-own/app/src/main/java/io/legado/app/service/UnifiedReadAloudService.kt:139:32 Unresolved reference 'durChapterTitle'.
e: file:///D:/AI/audio/legadoC-own/app/src/main/java/io/legado/app/service/UnifiedReadAloudService.kt:141:9 Cannot access 'val mediaSessionCompat: MediaSessionCompat': it is private in 'io.legado.app.service.BaseReadAloudService'.
e: file:///D:/AI/audio/legadoC-own/app/src/main/java/io/legado/app/service/UnifiedReadAloudService.kt:142:13 Unresolved reference 'buildMediaMetadata'.
e: file:///D:/AI/audio/legadoC-own/app/src/main/java/io/legado/app/service/UnifiedReadAloudService.kt:155:5 'upSpeechRate' overrides nothing. Potential signatures for overriding:
fun upSpeechRate(reset: Boolean = ...): Unit
e: file:///D:/AI/audio/legadoC-own/app/src/main/java/io/legado/app/service/UnifiedReadAloudService.kt:156:40 Unresolved reference 'isAudio'.
e: file:///D:/AI/audio/legadoC-own/app/src/main/java/io/legado/app/service/UnifiedReadAloudService.kt:158:23 Unresolved reference 'readAloudSpeed'.
e: file:///D:/AI/audio/legadoC-own/app/src/main/java/io/legado/app/service/UnifiedReadAloudService.kt:166:5 'clearTTS' overrides nothing.
e: file:///D:/AI/audio/legadoC-own/app/src/main/java/io/legado/app/service/UnifiedReadAloudService.kt:170:5 'currentReadAloudChapterIndex' overrides nothing.
e: file:///D:/AI/audio/legadoC-own/app/src/main/java/io/legado/app/service/UnifiedReadAloudService.kt:174:5 'currentReadAloudChapterPos' overrides nothing.
e: file:///D:/AI/audio/legadoC-own/app/src/main/java/io/legado/app/service/UnifiedReadAloudService.kt:181:5 'onMediaButton' overrides nothing.
e: file:///D:/AI/audio/legadoC-own/app/src/main/java/io/legado/app/service/UnifiedReadAloudService.kt:194:26 Unresolved reference 'adjustSpeed'.
e: file:///D:/AI/audio/legadoC-own/app/src/main/java/io/legado/app/service/engine/SourceAudioEngine.kt:59:29 Unresolved reference 'play'.
e: file:///D:/AI/audio/legadoC-own/app/src/main/java/io/legado/app/service/engine/SourceAudioEngine.kt:82:29 Unresolved reference 'pause'.
e: file:///D:/AI/audio/legadoC-own/app/src/main/java/io/legado/app/service/engine/SourceAudioEngine.kt:90:29 Unresolved reference 'resume'.
e: file:///D:/AI/audio/legadoC-own/app/src/main/java/io/legado/app/service/engine/SourceAudioEngine.kt:97:25 Unresolved reference 'stop'.
e: file:///D:/AI/audio/legadoC-own/app/src/main/java/io/legado/app/service/engine/SourceAudioEngine.kt:104:25 Unresolved reference 'setSpeed'.
e: file:///D:/AI/audio/legadoC-own/app/src/main/java/io/legado/app/service/engine/SourceAudioEngine.kt:109:25 Unresolved reference 'seekTo'.
e: file:///D:/AI/audio/legadoC-own/app/src/main/java/io/legado/app/service/engine/SourceAudioEngine.kt:113:32 Unresolved reference 'getCurrentPosition'.
e: file:///D:/AI/audio/legadoC-own/app/src/main/java/io/legado/app/service/engine/SourceAudioEngine.kt:117:32 Unresolved reference 'getDuration'.
e: file:///D:/AI/audio/legadoC-own/app/src/main/java/io/legado/app/service/engine/SourceAudioEngine.kt:121:45 Unresolved reference 'isPlaying'.
e: file:///D:/AI/audio/legadoC-own/app/src/main/java/io/legado/app/service/engine/SourceAudioEngine.kt:126:25 Unresolved reference 'release'.
e: file:///D:/AI/audio/legadoC-own/app/src/main/java/io/legado/app/ui/book/read/config/ReadAloudDialog.kt:217:31 Unresolved reference 'isAudio'.
e: file:///D:/AI/audio/legadoC-own/app/src/main/java/io/legado/app/ui/book/read/config/ReadAloudDialog.kt:230:27 Unresolved reference 'isAudio'.
e: file:///D:/AI/audio/legadoC-own/app/src/main/java/io/legado/app/ui/book/read/config/ReadAloudDialog.kt:341:19 Unresolved reference 'isAudio'.
e: file:///D:/AI/audio/legadoC-own/app/src/main/java/io/legado/app/ui/book/read/config/ReadAloudDialog.kt:405:19 Unresolved reference 'isAudio'.

> Task :app:compileAppCKotlin FAILED
> Task :app:copyRoomSchemas NO-SOURCE

FAILURE: Build failed with an exception.

* What went wrong:
Execution failed for task ':app:compileAppCKotlin'.
> A failure occurred while executing org.jetbrains.kotlin.compilerRunner.GradleCompilerRunnerWithWorkers$GradleKotlinCompilerWorkAction
   > Compilation error. See log for more details

* Try:
> Run with --stacktrace option to get the stack trace.
> Run with --info or --debug option to get more log output.
> Run with --scan to get full insights.
> Get more help at https://help.gradle.org.

BUILD FAILED in 1m 29s
67 actionable tasks: 8 executed, 59 up-to-date
Build exit code: 1 
